// Jest Snapshot v1, https://goo.gl/fbAQLP

exports[`matches snapshot 1`] = `
<DocumentFragment>
  <div>
    <div
      style="height: 50px; width: 50px; background-color: grey;"
    />
    <button>
      X
    </button>
  </div>
</DocumentFragment>
`;
