// Jest Snapshot v1, https://goo.gl/fbAQLP

exports[`matches snapshot 1`] = `
<DocumentFragment>
  <div>
    <form>
      <label
        for="list"
      >
        TODO-LIST:
      </label>
      <input
        id="list"
        name="list"
        type="text"
        value=""
      />
      <button>
        Add Todo-List:
      </button>
    </form>
  </div>
</DocumentFragment>
`;
